<testsuites name="results">
  <testsuite name="all" package="all">
    <property name="random_seed" value="1779719485" />
    <testcase name="test_reset_state" classname="test_design" file="/mnt/c/Users/NEAL/VLSI_PORTFOLIO/src/rtl_verification/test_design.py" lineno="81" time="0.003410816192626953" sim_time_ns="0.0" ratio_time="0.0" />
    <testcase name="test_enable_gate" classname="test_design" file="/mnt/c/Users/NEAL/VLSI_PORTFOLIO/src/rtl_verification/test_design.py" lineno="102" time="0.00115203857421875" sim_time_ns="50.0" ratio_time="43401.32450331126" />
    <testcase name="test_arithmetic_ops" classname="test_design" file="/mnt/c/Users/NEAL/VLSI_PORTFOLIO/src/rtl_verification/test_design.py" lineno="128" time="0.001407623291015625" sim_time_ns="80.0" ratio_time="56833.38753387534" />
    <testcase name="test_logical_ops" classname="test_design" file="/mnt/c/Users/NEAL/VLSI_PORTFOLIO/src/rtl_verification/test_design.py" lineno="196" time="0.0011813640594482422" sim_time_ns="70.0" ratio_time="59253.537840565084" />
    <testcase name="test_shift_ops" classname="test_design" file="/mnt/c/Users/NEAL/VLSI_PORTFOLIO/src/rtl_verification/test_design.py" lineno="244" time="0.0022308826446533203" sim_time_ns="70.00000000000003" ratio_time="31377.71507961955" />
    <testcase name="test_comparison_ops" classname="test_design" file="/mnt/c/Users/NEAL/VLSI_PORTFOLIO/src/rtl_verification/test_design.py" lineno="290" time="0.0012354850769042969" sim_time_ns="70.0" ratio_time="56657.908143573906" />
    <testcase name="test_randomized_fuzzing" classname="test_design" file="/mnt/c/Users/NEAL/VLSI_PORTFOLIO/src/rtl_verification/test_design.py" lineno="336" time="0.01731133460998535" sim_time_ns="1030.0" ratio_time="59498.58998195816" />
  </testsuite>
</testsuites>